// Jest Snapshot v1, https://goo.gl/fbAQLP

exports[`<SearchForm /> renders correctly 1`] = `
<View
  style={
    Array [
      Object {
        "alignItems": "center",
        "backgroundColor": "#FFFFFF",
        "borderRadius": 32,
        "justifyContent": "center",
        "minHeight": 100,
        "width": "100%",
      },
    ]
  }
>
  <View
    style={
      Array [
        Object {
          "alignItems": "center",
          "flexDirection": "row",
          "height": 64,
          "justifyContent": "space-evenly",
          "width": "100%",
        },
      ]
    }
  >
    <View
      style={
        Object {
          "alignItems": "center",
          "flexDirection": "row",
        }
      }
    >
      <RNSVGSvgView
        align="xMidYMid"
        bbHeight={32}
        bbWidth={32}
        fill="none"
        focusable={false}
        height={32}
        meetOrSlice={0}
        minX={0}
        minY={0}
        style={
          Array [
            Object {
              "backgroundColor": "transparent",
              "borderWidth": 0,
            },
            Object {
              "marginRight": 12,
            },
            Object {
              "flex": 0,
              "height": 32,
              "width": 32,
            },
          ]
        }
        vbHeight={32}
        vbWidth={32}
        width={32}
      >
        <RNSVGGroup
          fill={null}
          propList={
            Array [
              "fill",
            ]
          }
        >
          <RNSVGPath
            d="M1.33334 16C1.33334 16 6.66668 5.33333 16 5.33333C25.3333 5.33333 30.6667 16 30.6667 16C30.6667 16 25.3333 26.6667 16 26.6667C6.66668 26.6667 1.33334 16 1.33334 16Z"
            propList={
              Array [
                "stroke",
              ]
            }
            stroke={4285140475}
          />
          <RNSVGPath
            d="M16 20C18.2091 20 20 18.2091 20 16C20 13.7909 18.2091 12 16 12C13.7909 12 12 13.7909 12 16C12 18.2091 13.7909 20 16 20Z"
            propList={
              Array [
                "stroke",
              ]
            }
            stroke={4285140475}
          />
        </RNSVGGroup>
      </RNSVGSvgView>
      <Text
        style={
          Array [
            Object {
              "fontFamily": "Inter_700Bold",
              "fontSize": 16,
              "lineHeight": 17.92,
            },
            Object {
              "color": "#585858",
            },
          ]
        }
      >
        Para onde quer ir?
      </Text>
    </View>
  </View>
  <View
    style={
      Array [
        Object {
          "backgroundColor": "#6A0DFB",
          "height": 1,
          "width": "100%",
        },
      ]
    }
  />
  <View
    style={
      Array [
        Object {
          "alignItems": "center",
          "flexDirection": "row",
          "height": 64,
          "justifyContent": "space-evenly",
          "width": "100%",
        },
      ]
    }
  >
    <View
      style={
        Object {
          "alignItems": "center",
          "flexDirection": "row",
        }
      }
    >
      <RNSVGSvgView
        bbHeight={24}
        bbWidth={24}
        fill="none"
        focusable={false}
        height={24}
        style={
          Array [
            Object {
              "backgroundColor": "transparent",
              "borderWidth": 0,
            },
            Object {
              "marginRight": 12,
            },
            Object {
              "flex": 0,
              "height": 24,
              "width": 24,
            },
          ]
        }
        width={24}
      >
        <RNSVGGroup
          fill={null}
          propList={
            Array [
              "fill",
            ]
          }
        >
          <RNSVGPath
            d="M19 4H5C3.89543 4 3 4.89543 3 6V20C3 21.1046 3.89543 22 5 22H19C20.1046 22 21 21.1046 21 20V6C21 4.89543 20.1046 4 19 4Z"
            propList={
              Array [
                "stroke",
              ]
            }
            stroke={4285140475}
          />
          <RNSVGPath
            d="M16 2V6"
            propList={
              Array [
                "stroke",
              ]
            }
            stroke={4285140475}
          />
          <RNSVGPath
            d="M8 2V6"
            propList={
              Array [
                "stroke",
              ]
            }
            stroke={4285140475}
          />
          <RNSVGPath
            d="M3 10H21"
            propList={
              Array [
                "stroke",
              ]
            }
            stroke={4285140475}
          />
        </RNSVGGroup>
      </RNSVGSvgView>
      <Text
        style={
          Array [
            Object {
              "fontFamily": "Inter_700Bold",
              "fontSize": 16,
              "lineHeight": 17.92,
            },
            Object {
              "color": "#585858",
            },
          ]
        }
      >
        Entrada
      </Text>
    </View>
    <View
      style={
        Array [
          Object {
            "backgroundColor": "#6A0DFB",
            "height": 64,
            "width": 1,
          },
        ]
      }
    />
    <View
      style={
        Object {
          "alignItems": "center",
          "flexDirection": "row",
        }
      }
    >
      <RNSVGSvgView
        bbHeight={24}
        bbWidth={24}
        fill="none"
        focusable={false}
        height={24}
        style={
          Array [
            Object {
              "backgroundColor": "transparent",
              "borderWidth": 0,
            },
            Object {
              "marginRight": 12,
            },
            Object {
              "flex": 0,
              "height": 24,
              "width": 24,
            },
          ]
        }
        width={24}
      >
        <RNSVGGroup
          fill={null}
          propList={
            Array [
              "fill",
            ]
          }
        >
          <RNSVGPath
            d="M19 4H5C3.89543 4 3 4.89543 3 6V20C3 21.1046 3.89543 22 5 22H19C20.1046 22 21 21.1046 21 20V6C21 4.89543 20.1046 4 19 4Z"
            propList={
              Array [
                "stroke",
              ]
            }
            stroke={4285140475}
          />
          <RNSVGPath
            d="M16 2V6"
            propList={
              Array [
                "stroke",
              ]
            }
            stroke={4285140475}
          />
          <RNSVGPath
            d="M8 2V6"
            propList={
              Array [
                "stroke",
              ]
            }
            stroke={4285140475}
          />
          <RNSVGPath
            d="M3 10H21"
            propList={
              Array [
                "stroke",
              ]
            }
            stroke={4285140475}
          />
        </RNSVGGroup>
      </RNSVGSvgView>
      <Text
        style={
          Array [
            Object {
              "fontFamily": "Inter_700Bold",
              "fontSize": 16,
              "lineHeight": 17.92,
            },
            Object {
              "color": "#585858",
            },
          ]
        }
      >
        Saida
      </Text>
    </View>
  </View>
</View>
`;
