// Jest Snapshot v1, https://goo.gl/fbAQLP

exports[`<TaskScreen /> renders correctly 1`] = `null`;
