// Jest Snapshot v1, https://goo.gl/fbAQLP

exports[`<TabBarItem /> renders correctly 1`] = `null`;
