// Jest Snapshot v1, https://goo.gl/fbAQLP

exports[`<AddIcon /> renders correctly 1`] = `null`;
