// Jest Snapshot v1, https://goo.gl/fbAQLP

exports[`<ClockIcon /> renders correctly 1`] = `null`;
