// Jest Snapshot v1, https://goo.gl/fbAQLP

exports[`<CommentIcon /> renders correctly 1`] = `null`;
