// Jest Snapshot v1, https://goo.gl/fbAQLP

exports[`<FilterIcon /> renders correctly 1`] = `null`;
