// Jest Snapshot v1, https://goo.gl/fbAQLP

exports[`<AddIcon /> renders correctly 1`] = `
<RNSVGSvgView
  bbHeight="100%"
  bbWidth="100%"
  fill="none"
  focusable={false}
  style={
    Array [
      Object {
        "backgroundColor": "transparent",
        "borderWidth": 0,
      },
      Object {
        "flex": 0,
        "height": "100%",
        "width": "100%",
      },
    ]
  }
>
  <RNSVGGroup
    fill={null}
    propList={
      Array [
        "fill",
      ]
    }
  >
    <RNSVGGroup
      clipPath="clip0_1_7349"
    >
      <RNSVGPath
        clipRule={0}
        d="M21 9.83333C23.5737 9.83333 25.6667 11.9263 25.6667 14.5V28.5C25.6667 31.0737 23.5737 33.1667 21 33.1667H7C4.42633 33.1667 2.33333 31.0737 2.33333 28.5V14.5C2.33333 11.9263 4.42633 9.83333 7 9.83333H21ZM21 7.5H7C3.13367 7.5 0 10.6337 0 14.5V28.5C0 32.3663 3.13367 35.5 7 35.5H21C24.8663 35.5 28 32.3663 28 28.5V14.5C28 10.6337 24.8663 7.5 21 7.5ZM14 28.5C13.356 28.5 12.8333 27.9785 12.8333 27.3333V22.6667H8.16667C7.5215 22.6667 7 22.144 7 21.5C7 20.856 7.5215 20.3333 8.16667 20.3333H12.8333V15.6667C12.8333 15.0227 13.356 14.5 14 14.5C14.644 14.5 15.1667 15.0227 15.1667 15.6667V20.3333H19.8333C20.4773 20.3333 21 20.856 21 21.5C21 22.144 20.4773 22.6667 19.8333 22.6667H15.1667V27.3333C15.1667 27.9785 14.644 28.5 14 28.5Z"
        fill={4294967295}
        fillRule={0}
        propList={
          Array [
            "fill",
            "fillRule",
          ]
        }
      />
    </RNSVGGroup>
    <RNSVGRect
      fill={4294799942}
      height="15"
      propList={
        Array [
          "fill",
        ]
      }
      rx="7.5"
      width="15"
      x="18"
      y="0.5"
    />
    <RNSVGPath
      d="M28.1533 6.00195C28.1533 6.45443 28.0215 6.83203 27.7578 7.13477C27.4941 7.43424 27.123 7.63607 26.6445 7.74023V7.7793C27.2174 7.85091 27.6471 8.02995 27.9336 8.31641C28.2201 8.59961 28.3633 8.97721 28.3633 9.44922C28.3633 10.1361 28.1208 10.6667 27.6357 11.041C27.1507 11.4121 26.4606 11.5977 25.5654 11.5977C24.7744 11.5977 24.1071 11.4691 23.5635 11.2119V10.1914C23.8662 10.3411 24.1868 10.4567 24.5254 10.5381C24.8639 10.6195 25.1895 10.6602 25.502 10.6602C26.0553 10.6602 26.4688 10.5576 26.7422 10.3525C27.0156 10.1475 27.1523 9.83008 27.1523 9.40039C27.1523 9.01953 27.001 8.73958 26.6982 8.56055C26.3955 8.38151 25.9202 8.29199 25.2725 8.29199H24.6523V7.35938H25.2822C26.4215 7.35938 26.9912 6.96549 26.9912 6.17773C26.9912 5.87174 26.8919 5.63574 26.6934 5.46973C26.4948 5.30371 26.2018 5.2207 25.8145 5.2207C25.5443 5.2207 25.2839 5.25977 25.0332 5.33789C24.7826 5.41276 24.4863 5.56087 24.1445 5.78223L23.583 4.98145C24.2373 4.49967 24.9974 4.25879 25.8633 4.25879C26.5827 4.25879 27.1442 4.41341 27.5479 4.72266C27.9515 5.0319 28.1533 5.45833 28.1533 6.00195Z"
      fill={4294967295}
      propList={
        Array [
          "fill",
        ]
      }
    />
    <RNSVGDefs>
      <RNSVGClipPath
        name="clip0_1_7349"
      >
        <RNSVGRect
          fill={4294967295}
          height="28"
          matrix={
            Array [
              1,
              0,
              0,
              1,
              0,
              7.5,
            ]
          }
          propList={
            Array [
              "fill",
            ]
          }
          width="28"
          x={0}
          y={0}
        />
      </RNSVGClipPath>
    </RNSVGDefs>
  </RNSVGGroup>
</RNSVGSvgView>
`;

exports[`<CalendarIcon /> renders correctly 1`] = `
<RNSVGSvgView
  bbHeight="100%"
  bbWidth="100%"
  fill="none"
  focusable={false}
  style={
    Array [
      Object {
        "backgroundColor": "transparent",
        "borderWidth": 0,
      },
      Object {
        "flex": 0,
        "height": "100%",
        "width": "100%",
      },
    ]
  }
>
  <RNSVGGroup
    fill={null}
    propList={
      Array [
        "fill",
      ]
    }
  >
    <RNSVGGroup>
      <RNSVGPath
        d="M5.14583 4.375C4.90433 4.375 4.70833 4.179 4.70833 3.9375V2.625H2.52084C1.79721 2.625 1.20834 3.21387 1.20834 3.9375V6.125H20.4583V3.9375C20.4583 3.21387 19.8695 2.625 19.1458 2.625H16.9583V3.9375C16.9583 4.179 16.7623 4.375 16.5208 4.375C16.2793 4.375 16.0833 4.179 16.0833 3.9375V2.625H5.58333V3.9375C5.58333 4.179 5.38733 4.375 5.14583 4.375ZM16.0833 1.75H5.58333V0.4375C5.58333 0.196 5.38733 0 5.14583 0C4.90433 0 4.70833 0.196 4.70833 0.4375V1.75H2.52084C1.31421 1.75 0.333336 2.73087 0.333336 3.9375V6.5625V18.8125C0.333336 20.0191 1.31421 21 2.52084 21H19.1458C20.3525 21 21.3333 20.0191 21.3333 18.8125V6.5625V3.9375C21.3333 2.73087 20.3525 1.75 19.1458 1.75H16.9583V0.4375C16.9583 0.196 16.7623 0 16.5208 0C16.2793 0 16.0833 0.196 16.0833 0.4375V1.75ZM1.20834 7H20.4583V18.8125C20.4583 19.5361 19.8695 20.125 19.1458 20.125H2.52084C1.79721 20.125 1.20834 19.5361 1.20834 18.8125V7Z"
        fill={4283191895}
        propList={
          Array [
            "fill",
          ]
        }
      />
      <RNSVGPath
        d="M7.07083 13.5625C7.07083 11.6054 8.65742 10.0188 10.6146 10.0188C11.181 10.0188 11.7154 10.1514 12.1893 10.3869C12.3841 10.4837 12.6204 10.4043 12.7172 10.2095C12.814 10.0148 12.7345 9.77847 12.5398 9.68169C11.9594 9.39326 11.3053 9.23126 10.6146 9.23126C8.22249 9.23126 6.28333 11.1704 6.28333 13.5625C6.28333 15.9546 8.22249 17.8938 10.6146 17.8938C13.0067 17.8938 14.9458 15.9546 14.9458 13.5625C14.9458 13.4002 14.9369 13.2397 14.9194 13.0817C14.8955 12.8656 14.7009 12.7098 14.4848 12.7336C14.2686 12.7575 14.1128 12.9521 14.1367 13.1683C14.151 13.2976 14.1583 13.4291 14.1583 13.5625C14.1583 15.5197 12.5717 17.1063 10.6146 17.1063C8.65742 17.1063 7.07083 15.5197 7.07083 13.5625Z"
        fill={4283191895}
        propList={
          Array [
            "fill",
          ]
        }
      />
      <RNSVGPath
        d="M14.8305 10.7784C14.9843 10.6247 14.9843 10.3754 14.8305 10.2216C14.6767 10.0678 14.4274 10.0678 14.2737 10.2216L10.6146 13.8807L9.5805 12.8466C9.42673 12.6928 9.17742 12.6928 9.02365 12.8466C8.86988 13.0004 8.86988 13.2497 9.02365 13.4034L10.3362 14.7159C10.41 14.7898 10.5101 14.8313 10.6146 14.8313C10.719 14.8313 10.8192 14.7898 10.893 14.7159L14.8305 10.7784Z"
        fill={4283191895}
        propList={
          Array [
            "fill",
          ]
        }
      />
    </RNSVGGroup>
    <RNSVGDefs>
      <RNSVGClipPath
        name="clip0_1_7755"
      >
        <RNSVGRect
          fill={4294967295}
          height="21"
          matrix={
            Array [
              1,
              0,
              0,
              1,
              0.333336,
              0,
            ]
          }
          propList={
            Array [
              "fill",
            ]
          }
          width="21"
          x={0}
          y={0}
        />
      </RNSVGClipPath>
    </RNSVGDefs>
  </RNSVGGroup>
</RNSVGSvgView>
`;

exports[`<ClockIcon /> renders correctly 1`] = `
<RNSVGSvgView
  bbHeight="100%"
  bbWidth="100%"
  fill="none"
  focusable={false}
  style={
    Array [
      Object {
        "backgroundColor": "transparent",
        "borderWidth": 0,
      },
      Object {
        "flex": 0,
        "height": "100%",
        "width": "100%",
      },
    ]
  }
>
  <RNSVGGroup
    fill={null}
    propList={
      Array [
        "fill",
      ]
    }
  >
    <RNSVGPath
      d="M16 8C16 12.4107 12.4107 16 8 16C3.58934 16 0 12.4107 0 8C0 3.58934 3.5893 0 8 0C12.4107 0 16 3.58934 16 8ZM14.9333 8C14.9333 4.17597 11.824 1.06665 8 1.06665C4.17602 1.06665 1.06665 4.17597 1.06665 8C1.06665 11.824 4.17597 14.9333 8 14.9333C11.824 14.9333 14.9333 11.824 14.9333 8ZM10.6667 10.6667C10.5493 10.6667 10.432 10.6294 10.3333 10.5494L7.66667 8.41603C7.54136 8.31472 7.46667 8.16273 7.46667 8.00005V3.73337C7.46667 3.44003 7.70666 3.20004 8 3.20004C8.29334 3.20004 8.53332 3.44003 8.53332 3.73337V7.74403L11 9.71737C11.2293 9.90138 11.2667 10.2374 11.0826 10.4667C10.9787 10.5974 10.824 10.6667 10.6667 10.6667Z"
      fill={4283191895}
      propList={
        Array [
          "fill",
        ]
      }
    />
  </RNSVGGroup>
</RNSVGSvgView>
`;

exports[`<CommentIcon /> renders correctly 1`] = `
<RNSVGSvgView
  bbHeight="100%"
  bbWidth="100%"
  fill="none"
  focusable={false}
  style={
    Array [
      Object {
        "backgroundColor": "transparent",
        "borderWidth": 0,
      },
      Object {
        "flex": 0,
        "height": "100%",
        "width": "100%",
      },
    ]
  }
>
  <RNSVGGroup
    fill={null}
    propList={
      Array [
        "fill",
      ]
    }
  >
    <RNSVGPath
      d="M3.28125 0.333336H12.7188C14.5281 0.333336 16 1.80526 16 3.61459V9.63583C16 11.4452 14.5281 12.9171 12.7188 12.9171H6.02283L4.56909 14.3709C4.4812 14.4588 4.36194 14.5083 4.23767 14.5083C4.11328 14.5083 3.99414 14.4588 3.90613 14.3709L2.32141 12.7861C0.947876 12.3836 0 11.1262 0 9.68246V3.61459C0 1.80526 1.47192 0.333336 3.28125 0.333336ZM12.7188 11.9796C14.0111 11.9796 15.0625 10.9282 15.0625 9.63583V3.61459C15.0625 2.32223 14.0111 1.27084 12.7188 1.27084H3.28125C1.98889 1.27084 0.9375 2.32223 0.9375 3.61459V9.68246C0.9375 10.74 1.6532 11.6566 2.67786 11.9116C2.7605 11.9321 2.83594 11.9748 2.89612 12.035L4.23767 13.3765L5.49731 12.1169C5.58521 12.029 5.70447 11.9796 5.82874 11.9796H12.7188ZM4.02368 4.1613H11.9763C12.2352 4.1613 12.4451 4.37126 12.4451 4.63005C12.4451 4.88896 12.2352 5.0988 11.9763 5.0988H4.02368C3.76477 5.0988 3.55493 4.88896 3.55493 4.63005C3.55493 4.37126 3.76477 4.1613 4.02368 4.1613ZM10.9763 8.1613H4.02368C3.76477 8.1613 3.55493 8.37126 3.55493 8.63005C3.55493 8.88896 3.76477 9.0988 4.02368 9.0988H10.9763C11.2352 9.0988 11.4451 8.88896 11.4451 8.63005C11.4451 8.37126 11.2352 8.1613 10.9763 8.1613ZM4.02368 6.15161H9.97632C10.2352 6.15161 10.4451 6.36145 10.4451 6.62036C10.4451 6.87927 10.2352 7.08911 9.97632 7.08911H4.02368C3.76477 7.08911 3.55493 6.87927 3.55493 6.62036C3.55493 6.36145 3.76477 6.15161 4.02368 6.15161Z"
      fill={4283191895}
      propList={
        Array [
          "fill",
        ]
      }
    />
  </RNSVGGroup>
</RNSVGSvgView>
`;

exports[`<FilterIcon /> renders correctly 1`] = `
<RNSVGSvgView
  bbHeight="100%"
  bbWidth="100%"
  fill="none"
  focusable={false}
  style={
    Array [
      Object {
        "backgroundColor": "transparent",
        "borderWidth": 0,
      },
      Object {
        "flex": 0,
        "height": "100%",
        "width": "100%",
      },
    ]
  }
>
  <RNSVGGroup
    fill={null}
    propList={
      Array [
        "fill",
      ]
    }
  >
    <RNSVGGroup>
      <RNSVGPath
        d="M9.99999 19.8205C10.1894 19.8205 10.371 19.7452 10.505 19.6113C10.6389 19.4774 10.7141 19.2957 10.7141 19.1063V5.87529C11.3541 5.70218 11.9094 5.3025 12.2768 4.75059C12.6442 4.19867 12.7986 3.53211 12.7113 2.87488C12.6239 2.21766 12.3009 1.61453 11.8021 1.17768C11.3034 0.740824 10.663 0.5 9.99999 0.5C9.337 0.5 8.69657 0.740824 8.19784 1.17768C7.69912 1.61453 7.37605 2.21766 7.28873 2.87488C7.20142 3.53211 7.35581 4.19867 7.72317 4.75059C8.09054 5.3025 8.64587 5.70218 9.28587 5.87529V19.1063C9.28587 19.2957 9.36111 19.4774 9.49503 19.6113C9.62896 19.7452 9.8106 19.8205 9.99999 19.8205ZM8.69315 3.25447C8.69174 2.9957 8.76718 2.74234 8.90991 2.52649C9.05265 2.31064 9.25625 2.14203 9.49492 2.04203C9.73358 1.94202 9.99657 1.91512 10.2505 1.96473C10.5045 2.01435 10.738 2.13825 10.9215 2.32072C11.105 2.5032 11.2302 2.73604 11.2812 2.98974C11.3322 3.24343 11.3067 3.50656 11.208 3.74577C11.1093 3.98498 10.9418 4.1895 10.7268 4.33342C10.5117 4.47734 10.2588 4.55416 9.99999 4.55417C9.65463 4.55417 9.32331 4.41747 9.07843 4.17393C8.83356 3.93039 8.69504 3.59982 8.69315 3.25447ZM17.2698 19.8205C17.4592 19.8205 17.6408 19.7452 17.7747 19.6113C17.9086 19.4774 17.9839 19.2957 17.9839 19.1063V16.8854C18.5623 16.7303 19.0734 16.3887 19.4379 15.9136C19.8024 15.4384 20 14.8563 20 14.2575C20 13.6586 19.8024 13.0765 19.4379 12.6013C19.0734 12.1262 18.5623 11.7846 17.9839 11.6295V1.23351C17.9839 1.04411 17.9086 0.862472 17.7747 0.728549C17.6408 0.594625 17.4592 0.519388 17.2698 0.519388C17.0804 0.519388 16.8987 0.594625 16.7648 0.728549C16.6309 0.862472 16.5556 1.04411 16.5556 1.23351V11.6366C15.9772 11.7917 15.4661 12.1333 15.1016 12.6085C14.7371 13.0836 14.5395 13.6657 14.5395 14.2646C14.5395 14.8635 14.7371 15.4456 15.1016 15.9207C15.4661 16.3959 15.9772 16.7375 16.5556 16.8926V19.1135C16.5575 19.3016 16.6336 19.4814 16.7673 19.6138C16.901 19.7462 17.0816 19.8205 17.2698 19.8205ZM15.9629 14.2575C15.9629 13.999 16.0396 13.7463 16.1832 13.5314C16.3268 13.3165 16.5309 13.149 16.7696 13.0501C17.0084 12.9512 17.2712 12.9253 17.5247 12.9757C17.7782 13.0262 18.0111 13.1506 18.1938 13.3334C18.3766 13.5162 18.5011 13.749 18.5515 14.0025C18.6019 14.256 18.576 14.5188 18.4771 14.7576C18.3782 14.9964 18.2107 15.2005 17.9958 15.3441C17.7809 15.4877 17.5282 15.5643 17.2698 15.5643C16.9232 15.5643 16.5908 15.4266 16.3457 15.1815C16.1006 14.9365 15.9629 14.6041 15.9629 14.2575ZM2.01613 19.1063V12.7979C1.43771 12.6428 0.926614 12.3012 0.562095 11.826C0.197577 11.3509 0 10.7688 0 10.1699C0 9.57107 0.197577 8.98894 0.562095 8.5138C0.926614 8.03866 1.43771 7.69706 2.01613 7.54196V1.23351C2.01613 1.04411 2.09137 0.862472 2.22529 0.728549C2.35922 0.594625 2.54086 0.519388 2.73025 0.519388C2.91965 0.519388 3.10129 0.594625 3.23521 0.728549C3.36914 0.862472 3.44437 1.04411 3.44437 1.23351V7.54196C4.0228 7.69706 4.53389 8.03866 4.89841 8.5138C5.26293 8.98894 5.46051 9.57107 5.46051 10.1699C5.46051 10.7688 5.26293 11.3509 4.89841 11.826C4.53389 12.3012 4.0228 12.6428 3.44437 12.7979V19.1063C3.44437 19.2957 3.36914 19.4774 3.23521 19.6113C3.10129 19.7452 2.91965 19.8205 2.73025 19.8205C2.54086 19.8205 2.35922 19.7452 2.22529 19.6113C2.09137 19.4774 2.01613 19.2957 2.01613 19.1063ZM3.45823 9.07985C3.24238 8.93711 2.98902 8.86167 2.73025 8.86308C2.3849 8.86497 2.05433 9.00349 1.81079 9.24836C1.56725 9.49324 1.43055 9.82456 1.43055 10.1699C1.43056 10.4287 1.50739 10.6816 1.6513 10.8967C1.79522 11.1118 1.99974 11.2793 2.23895 11.378C2.47816 11.4767 2.74129 11.5021 2.99498 11.4511C3.24868 11.4001 3.48152 11.2749 3.664 11.0914C3.84648 10.908 3.97037 10.6744 4.01999 10.4205C4.0696 10.1665 4.0427 9.90352 3.9427 9.66485C3.84269 9.42618 3.67408 9.22258 3.45823 9.07985Z"
        fill={4294967295}
        propList={
          Array [
            "fill",
          ]
        }
      />
    </RNSVGGroup>
    <RNSVGDefs>
      <RNSVGClipPath
        name="clip0_1_7435"
      >
        <RNSVGRect
          fill={4294967295}
          height="20"
          matrix={
            Array [
              1,
              0,
              0,
              1,
              0,
              0.5,
            ]
          }
          propList={
            Array [
              "fill",
            ]
          }
          width="20"
          x={0}
          y={0}
        />
      </RNSVGClipPath>
    </RNSVGDefs>
  </RNSVGGroup>
</RNSVGSvgView>
`;

exports[`<ListIcon /> renders correctly 1`] = `
<RNSVGSvgView
  bbHeight="100%"
  bbWidth="100%"
  fill="none"
  focusable={false}
  style={
    Array [
      Object {
        "backgroundColor": "transparent",
        "borderWidth": 0,
      },
      Object {
        "flex": 0,
        "height": "100%",
        "width": "100%",
      },
    ]
  }
>
  <RNSVGGroup
    fill={null}
    propList={
      Array [
        "fill",
      ]
    }
  >
    <RNSVGPath
      d="M2.16728 0.00857651C1.77944 0.00855471 1.44527 0.00853598 1.17767 0.044514C0.890881 0.0830717 0.615977 0.170023 0.393 0.393C0.170023 0.615977 0.0830717 0.89088 0.044514 1.17767C0.00853598 1.44527 0.00855471 1.77944 0.00857651 2.16728V7.20037C0.00855471 7.58821 0.00853598 7.92238 0.044514 8.18998C0.0830717 8.47677 0.170023 8.75167 0.393 8.97465C0.615977 9.19762 0.89088 9.28457 1.17767 9.32313C1.44527 9.35911 1.77944 9.35909 2.16729 9.35907H7.20036C7.5882 9.35909 7.92237 9.35911 8.18998 9.32313C8.47677 9.28457 8.75167 9.19762 8.97465 8.97465C9.19763 8.75167 9.28458 8.47677 9.32313 8.18998C9.35911 7.92237 9.35909 7.5882 9.35907 7.20036V2.16729C9.35909 1.77944 9.35911 1.44527 9.32313 1.17767C9.28458 0.890881 9.19763 0.615977 8.97465 0.393C8.75167 0.170023 8.47677 0.0830717 8.18998 0.044514C7.92238 0.00853598 7.58821 0.00855471 7.20037 0.00857651H2.16728ZM1.01172 1.01172C1.04502 0.978414 1.1045 0.937224 1.29426 0.911712C1.49661 0.884507 1.77123 0.883578 2.19608 0.883578H7.17157C7.59642 0.883578 7.87104 0.884507 8.07339 0.911712C8.26315 0.937224 8.32263 0.978414 8.35593 1.01172C8.38923 1.04502 8.43042 1.1045 8.45594 1.29426C8.48314 1.49661 8.48407 1.77123 8.48407 2.19608V7.17157C8.48407 7.59642 8.48314 7.87104 8.45594 8.07339C8.43042 8.26315 8.38923 8.32262 8.35593 8.35593C8.32263 8.38923 8.26315 8.43042 8.07339 8.45593C7.87104 8.48314 7.59642 8.48407 7.17157 8.48407H2.19608C1.77123 8.48407 1.49661 8.48314 1.29426 8.45593C1.1045 8.43042 1.04502 8.38923 1.01172 8.35593C0.978414 8.32262 0.937224 8.26315 0.911712 8.07339C0.884507 7.87104 0.883578 7.59642 0.883578 7.17157V2.19608C0.883578 1.77123 0.884507 1.49661 0.911711 1.29426C0.937224 1.1045 0.978414 1.04502 1.01172 1.01172Z"
      fill={4283191895}
      propList={
        Array [
          "fill",
        ]
      }
    />
    <RNSVGPath
      d="M13.7996 0.00857651C13.4118 0.00855471 13.0776 0.00853598 12.81 0.044514C12.5232 0.0830717 12.2483 0.170023 12.0253 0.393C11.8024 0.615977 11.7154 0.89088 11.6769 1.17767C11.6409 1.44527 11.6409 1.77943 11.6409 2.16726V7.20037C11.6409 7.5882 11.6409 7.92238 11.6769 8.18998C11.7154 8.47677 11.8024 8.75167 12.0253 8.97465C12.2483 9.19762 12.5232 9.28457 12.81 9.32313C13.0776 9.35911 13.4118 9.35909 13.7996 9.35907H18.8327C19.2206 9.35909 19.5547 9.35911 19.8223 9.32313C20.1091 9.28457 20.384 9.19762 20.607 8.97465C20.83 8.75167 20.9169 8.47677 20.9555 8.18998C20.9915 7.92237 20.9914 7.5882 20.9914 7.20036V2.16729C20.9914 1.77944 20.9915 1.44527 20.9555 1.17767C20.9169 0.890881 20.83 0.615977 20.607 0.393C20.384 0.170023 20.1091 0.0830717 19.8223 0.044514C19.5547 0.00853598 19.2206 0.00855471 18.8327 0.00857651H13.7996ZM12.6441 1.01172C12.6774 0.978414 12.7368 0.937224 12.9266 0.911712C13.129 0.884507 13.4036 0.883578 13.8284 0.883578H18.8039C19.2288 0.883578 19.5034 0.884507 19.7057 0.911712C19.8955 0.937224 19.955 0.978414 19.9883 1.01172C20.0216 1.04502 20.0628 1.1045 20.0883 1.29426C20.1155 1.49661 20.1164 1.77123 20.1164 2.19608V7.17157C20.1164 7.59642 20.1155 7.87104 20.0883 8.07339C20.0628 8.26315 20.0216 8.32262 19.9883 8.35593C19.955 8.38923 19.8955 8.43042 19.7057 8.45593C19.5034 8.48314 19.2288 8.48407 18.8039 8.48407H13.8284C13.4036 8.48407 13.129 8.48314 12.9266 8.45593C12.7368 8.43042 12.6774 8.38923 12.6441 8.35593C12.6108 8.32262 12.5696 8.26315 12.5441 8.07339C12.5169 7.87104 12.5159 7.59642 12.5159 7.17157V2.19608C12.5159 1.77123 12.5169 1.49661 12.5441 1.29426C12.5696 1.1045 12.6108 1.04502 12.6441 1.01172Z"
      fill={4283191895}
      propList={
        Array [
          "fill",
        ]
      }
    />
    <RNSVGPath
      d="M2.16728 11.6409H7.20037C7.5882 11.6409 7.92238 11.6409 8.18998 11.6769C8.47677 11.7154 8.75167 11.8024 8.97465 12.0254C9.19763 12.2483 9.28458 12.5232 9.32313 12.81C9.35911 13.0776 9.35909 13.4118 9.35907 13.7996V18.8327C9.35909 19.2206 9.35911 19.5547 9.32313 19.8223C9.28458 20.1091 9.19763 20.384 8.97465 20.607C8.75167 20.83 8.47677 20.9169 8.18998 20.9555C7.9224 20.9915 7.58825 20.9914 7.20045 20.9914H2.16729C1.77948 20.9914 1.44525 20.9915 1.17767 20.9555C0.89088 20.9169 0.615977 20.83 0.393 20.607C0.170023 20.384 0.0830717 20.1091 0.044514 19.8223C0.00853598 19.5547 0.00855471 19.2206 0.00857651 18.8327V13.7996C0.00855471 13.4118 0.00853598 13.0776 0.044514 12.81C0.0830717 12.5232 0.170023 12.2483 0.393 12.0254C0.615977 11.8024 0.890881 11.7154 1.17767 11.6769C1.44527 11.6409 1.77945 11.6409 2.16728 11.6409ZM1.29426 12.5441C1.1045 12.5696 1.04502 12.6108 1.01172 12.6441C0.978414 12.6774 0.937224 12.7369 0.911711 12.9266C0.884507 13.129 0.883578 13.4036 0.883578 13.8284V18.8039C0.883578 19.2288 0.884507 19.5034 0.911712 19.7057C0.937224 19.8955 0.978414 19.955 1.01172 19.9883C1.04502 20.0216 1.1045 20.0628 1.29426 20.0883C1.49661 20.1155 1.77123 20.1164 2.19608 20.1164H7.17157C7.59642 20.1164 7.87104 20.1155 8.07339 20.0883C8.26315 20.0628 8.32263 20.0216 8.35593 19.9883C8.38923 19.955 8.43042 19.8955 8.45594 19.7057C8.48314 19.5034 8.48407 19.2288 8.48407 18.8039V13.8284C8.48407 13.4036 8.48314 13.129 8.45594 12.9266C8.43042 12.7369 8.38923 12.6774 8.35593 12.6441C8.32263 12.6108 8.26315 12.5696 8.07339 12.5441C7.87104 12.5169 7.59642 12.5159 7.17157 12.5159H2.19608C1.77123 12.5159 1.49661 12.5169 1.29426 12.5441Z"
      fill={4283191895}
      propList={
        Array [
          "fill",
        ]
      }
    />
    <RNSVGPath
      d="M13.7996 11.6409C13.4118 11.6409 13.0776 11.6409 12.81 11.6769C12.5232 11.7154 12.2483 11.8024 12.0253 12.0254C11.8024 12.2483 11.7154 12.5232 11.6769 12.81C11.6409 13.0776 11.6409 13.4118 11.6409 13.7996V18.8327C11.6409 19.2206 11.6409 19.5547 11.6769 19.8223C11.7154 20.1091 11.8024 20.384 12.0253 20.607C12.2483 20.83 12.5232 20.9169 12.81 20.9555C13.0776 20.9915 13.4117 20.9914 13.7995 20.9914H18.8327C19.2205 20.9914 19.5547 20.9915 19.8223 20.9555C20.1091 20.9169 20.384 20.83 20.607 20.607C20.83 20.384 20.9169 20.1091 20.9555 19.8223C20.9915 19.5547 20.9914 19.2206 20.9914 18.8327V13.7996C20.9914 13.4118 20.9915 13.0776 20.9555 12.81C20.9169 12.5232 20.83 12.2483 20.607 12.0254C20.384 11.8024 20.1091 11.7154 19.8223 11.6769C19.5547 11.6409 19.2206 11.6409 18.8327 11.6409H13.7996ZM12.6441 12.6441C12.6774 12.6108 12.7368 12.5696 12.9266 12.5441C13.129 12.5169 13.4036 12.5159 13.8284 12.5159H18.8039C19.2288 12.5159 19.5034 12.5169 19.7057 12.5441C19.8955 12.5696 19.955 12.6108 19.9883 12.6441C20.0216 12.6774 20.0628 12.7369 20.0883 12.9266C20.1155 13.129 20.1164 13.4036 20.1164 13.8284V18.8039C20.1164 19.2288 20.1155 19.5034 20.0883 19.7057C20.0628 19.8955 20.0216 19.955 19.9883 19.9883C19.955 20.0216 19.8955 20.0628 19.7057 20.0883C19.5034 20.1155 19.2288 20.1164 18.8039 20.1164H13.8284C13.4036 20.1164 13.129 20.1155 12.9266 20.0883C12.7368 20.0628 12.6774 20.0216 12.6441 19.9883C12.6108 19.955 12.5696 19.8955 12.5441 19.7057C12.5169 19.5034 12.5159 19.2288 12.5159 18.8039V13.8284C12.5159 13.4036 12.5169 13.129 12.5441 12.9266C12.5696 12.7369 12.6108 12.6774 12.6441 12.6441Z"
      fill={4283191895}
      propList={
        Array [
          "fill",
        ]
      }
    />
  </RNSVGGroup>
</RNSVGSvgView>
`;

exports[`<PersonalIcon /> renders correctly 1`] = `
<RNSVGSvgView
  bbHeight="100%"
  bbWidth="100%"
  fill="none"
  focusable={false}
  style={
    Array [
      Object {
        "backgroundColor": "transparent",
        "borderWidth": 0,
      },
      Object {
        "flex": 0,
        "height": "100%",
        "width": "100%",
      },
    ]
  }
>
  <RNSVGGroup
    fill={null}
    propList={
      Array [
        "fill",
      ]
    }
  >
    <RNSVGGroup>
      <RNSVGPath
        d="M14.0171 2.42966C14.052 2.42601 14.0869 2.4216 14.1217 2.41719C14.2057 2.40654 14.2898 2.3959 14.3751 2.3959C16.3566 2.3959 17.9688 4.00819 17.9688 5.98964C17.9688 7.97109 16.3566 9.58338 14.3751 9.58338C14.2901 9.58338 14.2063 9.57273 14.1224 9.56208L14.1224 9.56207L14.1224 9.56207C14.0873 9.55762 14.0523 9.55317 14.0172 9.54949C13.7122 10.01 13.3389 10.4147 12.9295 10.7826C13.3975 10.9268 13.8805 11.0209 14.3751 11.0209C17.149 11.0209 19.4064 8.76355 19.4064 5.9896C19.4064 3.21565 17.1491 0.958344 14.3751 0.958344C13.8805 0.958344 13.3974 1.05241 12.9294 1.19655C13.3388 1.56459 13.7121 1.96914 14.0171 2.42966ZM1.05003 14.4462C5.57457 11.8449 11.6755 11.8449 16.2 14.4462C16.8478 14.8189 17.25 15.5299 17.25 16.3027V20.3646C17.25 20.7619 16.9285 21.0834 16.5312 21.0834H0.718757C0.321464 21.0834 0 20.7619 0 20.3646V16.3034C0 15.5299 0.402175 14.8189 1.05003 14.4462ZM1.43755 19.6459H15.8125V16.3027C15.8125 16.043 15.6869 15.8093 15.484 15.6927C11.3934 13.3414 5.85672 13.3414 1.76603 15.6927C1.56321 15.8093 1.43755 16.043 1.43755 16.3034V19.6459ZM15.5384 12.5326C17.8169 12.702 20.0165 13.3345 21.95 14.4462C22.5972 14.8175 23.0001 15.5292 23 16.3034V20.3646C23 20.7619 22.6786 21.0834 22.2813 21.0834H18.6875V19.6459H21.5625V16.3034C21.5625 16.043 21.4368 15.8092 21.2347 15.6927C20.2698 15.1383 19.2285 14.7181 18.1455 14.4174C17.8425 13.9222 17.4305 13.4953 16.9166 13.1996C16.5135 12.9679 16.0875 12.7777 15.6617 12.5877L15.6616 12.5876L15.5384 12.5326ZM13.6563 5.98964C13.6563 8.76359 11.399 11.0209 8.62509 11.0209C5.85118 11.0209 3.59384 8.76359 3.59384 5.98964C3.59384 3.21569 5.85114 0.958387 8.62509 0.958387C11.399 0.958387 13.6563 3.21569 13.6563 5.98964ZM12.2188 5.98964C12.2188 4.00819 10.6066 2.3959 8.62509 2.3959C6.64364 2.3959 5.03135 4.00819 5.03135 5.98964C5.03135 7.9711 6.64364 9.58338 8.62509 9.58338C10.6065 9.58338 12.2188 7.9711 12.2188 5.98964Z"
        fill={4294967295}
        propList={
          Array [
            "fill",
          ]
        }
      />
    </RNSVGGroup>
    <RNSVGDefs>
      <RNSVGClipPath
        name="clip0_1_7440"
      >
        <RNSVGRect
          fill={4294967295}
          height="23"
          propList={
            Array [
              "fill",
            ]
          }
          width="23"
          x={0}
          y={0}
        />
      </RNSVGClipPath>
    </RNSVGDefs>
  </RNSVGGroup>
</RNSVGSvgView>
`;

exports[`<PriorityIcon /> renders correctly 1`] = `
<RNSVGSvgView
  bbHeight="100%"
  bbWidth="100%"
  fill="none"
  focusable={false}
  style={
    Array [
      Object {
        "backgroundColor": "transparent",
        "borderWidth": 0,
      },
      Object {
        "flex": 0,
        "height": "100%",
        "width": "100%",
      },
    ]
  }
>
  <RNSVGGroup
    fill={null}
    propList={
      Array [
        "fill",
      ]
    }
  >
    <RNSVGPath
      d="M10.9441 9.8504L6.14835 5.05887C6.06602 4.98038 5.93654 4.98038 5.85421 5.05887L1.0627 9.84612C1.06168 9.84712 1.06068 9.84812 1.05968 9.84914C0.978949 9.93155 0.980288 10.0638 1.0627 10.1445L5.85848 14.9361C5.89653 14.9756 5.94859 14.9985 6.00342 15C6.05903 15.0003 6.11258 14.9789 6.15263 14.9403L10.9442 10.1488C10.9452 10.1478 10.9462 10.1468 10.9472 10.1458C11.0279 10.0634 11.0265 9.93113 10.9441 9.8504Z"
      fill={4283191895}
      propList={
        Array [
          "fill",
        ]
      }
    />
  </RNSVGGroup>
</RNSVGSvgView>
`;

exports[`<RepeatIcon /> renders correctly 1`] = `
<RNSVGSvgView
  bbHeight="100%"
  bbWidth="100%"
  fill="none"
  focusable={false}
  style={
    Array [
      Object {
        "backgroundColor": "transparent",
        "borderWidth": 0,
      },
      Object {
        "flex": 0,
        "height": "100%",
        "width": "100%",
      },
    ]
  }
>
  <RNSVGGroup
    fill={null}
    propList={
      Array [
        "fill",
      ]
    }
  >
    <RNSVGPath
      d="M15.5263 3.54709L13.1305 5.94293C13.0369 6.03649 12.9143 6.08333 12.7917 6.08333C12.6692 6.08333 12.5465 6.03649 12.4529 5.94293C12.2657 5.7557 12.2657 5.4525 12.4529 5.26539L14.0308 3.68749H4.64587C2.7964 3.68749 1.2917 5.19243 1.2917 7.04166V8.95833C1.2917 9.22319 1.07715 9.4375 0.81253 9.4375C0.54791 9.4375 0.333363 9.22319 0.333363 8.95833V7.04166C0.333363 4.66355 2.268 2.72916 4.64587 2.72916H14.0308L12.4529 1.15126C12.2657 0.964025 12.2657 0.660832 12.4529 0.473717C12.6402 0.286602 12.9434 0.286482 13.1305 0.473717L15.5263 2.86955C15.7136 3.05667 15.7136 3.35998 15.5263 3.54709ZM15.1875 6.56249C14.9229 6.56249 14.7084 6.7768 14.7084 7.04166V8.95833C14.7084 10.8077 13.2037 12.3125 11.3542 12.3125H1.96924L3.54714 10.7346C3.73437 10.5474 3.73437 10.2442 3.54714 10.0571C3.3599 9.86994 3.05671 9.86983 2.8696 10.0571L0.473759 12.4529C0.286524 12.6401 0.286524 12.9433 0.473759 13.1304L2.8696 15.5263C2.96315 15.6198 3.08582 15.6667 3.20837 15.6667C3.33091 15.6667 3.45358 15.6198 3.54714 15.5263C3.73437 15.339 3.73437 15.0358 3.54714 14.8487L1.96924 13.2708H11.3542C13.7321 13.2708 15.6667 11.3364 15.6667 8.95833V7.04166C15.6667 6.7768 15.4522 6.56249 15.1875 6.56249Z"
      fill={4283191895}
      propList={
        Array [
          "fill",
        ]
      }
    />
  </RNSVGGroup>
</RNSVGSvgView>
`;

exports[`<SearchIcon /> renders correctly 1`] = `
<RNSVGSvgView
  bbHeight="100%"
  bbWidth="100%"
  fill="none"
  focusable={false}
  style={
    Array [
      Object {
        "backgroundColor": "transparent",
        "borderWidth": 0,
      },
      Object {
        "flex": 0,
        "height": "100%",
        "width": "100%",
      },
    ]
  }
>
  <RNSVGGroup
    fill={null}
    propList={
      Array [
        "fill",
      ]
    }
  >
    <RNSVGPath
      d="M18.884 17.7646L13.3647 12.2452C14.4115 10.9528 15.0417 9.30976 15.0417 7.52086C15.0417 3.37388 11.6678 0 7.52083 0C3.37385 0 0 3.37388 0 7.52086C0 11.6678 3.37388 15.0417 7.52087 15.0417C9.30977 15.0417 10.9528 14.4115 12.2452 13.3647L17.7646 18.8841C17.9192 19.0386 18.1698 19.0386 18.3244 18.8841L18.8841 18.3244C19.0386 18.1698 19.0386 17.9192 18.884 17.7646ZM7.52087 13.4584C4.24673 13.4584 1.58335 10.795 1.58335 7.52086C1.58335 4.24673 4.24673 1.58335 7.52087 1.58335C10.795 1.58335 13.4584 4.24673 13.4584 7.52086C13.4584 10.795 10.795 13.4584 7.52087 13.4584Z"
      fill={4283191895}
      propList={
        Array [
          "fill",
        ]
      }
    />
  </RNSVGGroup>
</RNSVGSvgView>
`;

exports[`<SunIcon /> renders correctly 1`] = `
<RNSVGSvgView
  bbHeight="100%"
  bbWidth="100%"
  fill="none"
  focusable={false}
  style={
    Array [
      Object {
        "backgroundColor": "transparent",
        "borderWidth": 0,
      },
      Object {
        "flex": 0,
        "height": "100%",
        "width": "100%",
      },
    ]
  }
>
  <RNSVGGroup
    fill={null}
    propList={
      Array [
        "fill",
      ]
    }
  >
    <RNSVGGroup>
      <RNSVGPath
        d="M10.5 2.76006C10.6088 2.76006 10.7131 2.71685 10.79 2.63993C10.8669 2.56301 10.9102 2.45869 10.9102 2.34991V0.410156C10.9102 0.301376 10.8669 0.197051 10.79 0.120132C10.7131 0.0432128 10.6088 0 10.5 0C10.3912 0 10.2869 0.0432128 10.21 0.120132C10.1331 0.197051 10.0898 0.301376 10.0898 0.410156V2.34991C10.0898 2.45869 10.1331 2.56301 10.21 2.63993C10.2869 2.71685 10.3912 2.76006 10.5 2.76006ZM10.5 3.96806C6.89829 3.96806 3.96805 6.89829 3.96805 10.5C3.96805 14.1017 6.89829 17.0319 10.5 17.0319C14.1017 17.0319 17.0319 14.1017 17.0319 10.5C17.0319 6.89829 14.1017 3.96806 10.5 3.96806ZM10.5 16.2116C7.35057 16.2116 4.78836 13.6494 4.78836 10.5C4.78836 7.35057 7.35057 4.78837 10.5 4.78837C13.6494 4.78837 16.2116 7.35057 16.2116 10.5C16.2116 13.6494 13.6494 16.2116 10.5 16.2116ZM10.21 18.3601C10.2869 18.2831 10.3912 18.2399 10.5 18.2399C10.6088 18.2399 10.7131 18.2831 10.79 18.3601C10.8669 18.437 10.9102 18.5413 10.9102 18.6501V20.5898C10.9102 20.6986 10.8669 20.803 10.79 20.8799C10.7131 20.9568 10.6088 21 10.5 21C10.3912 21 10.2869 20.9568 10.21 20.8799C10.1331 20.803 10.0898 20.6986 10.0898 20.5898V18.6501C10.0898 18.5413 10.1331 18.437 10.21 18.3601ZM6.06971 3.6469C6.1241 3.74111 6.21369 3.80986 6.31876 3.83801C6.42384 3.86617 6.53579 3.85143 6.63 3.79704C6.72421 3.74265 6.79296 3.65306 6.82111 3.54799C6.84927 3.44291 6.83453 3.33096 6.78014 3.23675L5.81025 1.55687C5.78351 1.50985 5.74774 1.46858 5.70499 1.43544C5.66224 1.40229 5.61336 1.37794 5.56115 1.36376C5.50895 1.34959 5.45446 1.34588 5.40082 1.35286C5.34718 1.35983 5.29545 1.37734 5.24861 1.40439C5.20176 1.43143 5.16073 1.46748 5.12787 1.51045C5.09502 1.55342 5.07098 1.60246 5.05716 1.65475C5.04333 1.70705 5.03999 1.76156 5.04731 1.81516C5.05464 1.86875 5.0725 1.92036 5.09985 1.96703L6.06971 3.6469ZM14.6812 17.162C14.7863 17.1901 14.8759 17.2589 14.9302 17.3531L15.9001 19.033C15.9275 19.0796 15.9453 19.1312 15.9526 19.1848C15.96 19.2384 15.9566 19.2929 15.9428 19.3452C15.929 19.3975 15.9049 19.4466 15.8721 19.4895C15.8392 19.5325 15.7982 19.5686 15.7513 19.5956C15.7045 19.6227 15.6528 19.6402 15.5991 19.6471C15.5455 19.6541 15.491 19.6504 15.4388 19.6362C15.3866 19.6221 15.3377 19.5977 15.295 19.5646C15.2522 19.5314 15.2164 19.4901 15.1897 19.4431L14.2198 17.7633C14.1654 17.669 14.1507 17.5571 14.1788 17.452C14.207 17.3469 14.2757 17.2573 14.37 17.203C14.4642 17.1486 14.5761 17.1338 14.6812 17.162ZM3.64692 6.06974L1.96705 5.09988C1.92038 5.07252 1.86877 5.05467 1.81518 5.04734C1.76158 5.04001 1.70707 5.04336 1.65478 5.05718C1.60248 5.07101 1.55344 5.09504 1.51047 5.1279C1.4675 5.16076 1.43146 5.20179 1.40441 5.24863C1.37736 5.29548 1.35985 5.34721 1.35288 5.40085C1.34591 5.45449 1.34961 5.50898 1.36379 5.56118C1.37796 5.61338 1.40232 5.66227 1.43546 5.70502C1.4686 5.74776 1.50987 5.78354 1.55689 5.81027L3.23677 6.78017C3.33098 6.83456 3.44293 6.8493 3.54801 6.82114C3.65308 6.79298 3.74267 6.72424 3.79706 6.63003C3.85145 6.53582 3.86619 6.42387 3.83803 6.31879C3.80988 6.21371 3.74113 6.12413 3.64692 6.06974ZM17.7632 14.2198L19.4431 15.1897C19.4901 15.2165 19.5314 15.2522 19.5646 15.295C19.5977 15.3377 19.6221 15.3866 19.6362 15.4388C19.6504 15.491 19.6541 15.5455 19.6471 15.5992C19.6402 15.6528 19.6227 15.7045 19.5956 15.7514C19.5686 15.7982 19.5325 15.8392 19.4895 15.8721C19.4466 15.905 19.3975 15.929 19.3452 15.9428C19.2929 15.9566 19.2384 15.96 19.1848 15.9527C19.1312 15.9453 19.0796 15.9275 19.033 15.9001L17.3531 14.9303C17.2589 14.8759 17.1901 14.7863 17.162 14.6812C17.1338 14.5761 17.1486 14.4642 17.203 14.37C17.2573 14.2758 17.3469 14.207 17.452 14.1789C17.5571 14.1507 17.669 14.1654 17.7632 14.2198ZM2.76006 10.5C2.76006 10.3912 2.71685 10.2869 2.63993 10.21C2.56301 10.1331 2.45869 10.0898 2.34991 10.0898H0.410156C0.301376 10.0898 0.197051 10.1331 0.120132 10.21C0.0432128 10.2869 0 10.3912 0 10.5C0 10.6088 0.0432128 10.7131 0.120132 10.79C0.197051 10.8669 0.301376 10.9102 0.410156 10.9102H2.34991C2.45869 10.9102 2.56301 10.8669 2.63993 10.79C2.71685 10.7131 2.76006 10.6088 2.76006 10.5ZM18.6501 10.0898H20.5898C20.6986 10.0898 20.803 10.1331 20.8799 10.21C20.9568 10.2869 21 10.3912 21 10.5C21 10.6088 20.9568 10.7131 20.8799 10.79C20.803 10.8669 20.6986 10.9102 20.5898 10.9102H18.6501C18.5413 10.9102 18.437 10.8669 18.3601 10.79C18.2831 10.7131 18.2399 10.6088 18.2399 10.5C18.2399 10.3912 18.2831 10.2869 18.3601 10.21C18.437 10.1331 18.5413 10.0898 18.6501 10.0898ZM3.23677 14.2198L1.55689 15.1897C1.50987 15.2165 1.4686 15.2522 1.43546 15.295C1.40232 15.3377 1.37796 15.3866 1.36379 15.4388C1.34961 15.491 1.34591 15.5455 1.35288 15.5992C1.35985 15.6528 1.37736 15.7045 1.40441 15.7514C1.43146 15.7982 1.4675 15.8392 1.51047 15.8721C1.55344 15.905 1.60248 15.929 1.65478 15.9428C1.70707 15.9566 1.76158 15.96 1.81518 15.9527C1.86877 15.9453 1.92038 15.9275 1.96705 15.9001L3.64692 14.9303C3.74113 14.8759 3.80988 14.7863 3.83803 14.6812C3.86619 14.5761 3.85145 14.4642 3.79706 14.37C3.74267 14.2758 3.65308 14.207 3.54801 14.1789C3.44293 14.1507 3.33098 14.1654 3.23677 14.2198ZM17.7635 6.78017C17.7013 6.8162 17.6307 6.83517 17.5588 6.83517C17.4685 6.83529 17.3806 6.80557 17.3089 6.75063C17.2371 6.6957 17.1856 6.61862 17.1621 6.53136C17.1387 6.4441 17.1448 6.35155 17.1793 6.26808C17.2139 6.18461 17.2751 6.11488 17.3533 6.06974L19.0332 5.09988C19.0799 5.07252 19.1315 5.05467 19.1851 5.04734C19.2387 5.04001 19.2932 5.04336 19.3455 5.05718C19.3978 5.07101 19.4468 5.09504 19.4898 5.1279C19.5327 5.16076 19.5688 5.20179 19.5958 5.24863C19.6229 5.29548 19.6404 5.34721 19.6474 5.40085C19.6543 5.45449 19.6506 5.50898 19.6365 5.56118C19.6223 5.61338 19.5979 5.66226 19.5648 5.70501C19.5316 5.74776 19.4904 5.78354 19.4433 5.81027L17.7635 6.78017ZM6.62998 17.203C6.53578 17.1486 6.42383 17.1339 6.31876 17.162C6.21369 17.1902 6.1241 17.2589 6.06971 17.3531L5.09985 19.033C5.0725 19.0796 5.05464 19.1313 5.04731 19.1848C5.03999 19.2384 5.04333 19.293 5.05716 19.3452C5.07098 19.3975 5.09502 19.4466 5.12787 19.4896C5.16073 19.5325 5.20176 19.5686 5.24861 19.5956C5.29545 19.6227 5.34718 19.6402 5.40082 19.6471C5.45446 19.6541 5.50895 19.6504 5.56115 19.6362C5.61336 19.6221 5.66224 19.5977 5.70499 19.5646C5.74774 19.5314 5.78351 19.4902 5.81025 19.4431L6.78014 17.7633C6.83453 17.669 6.84926 17.5571 6.8211 17.452C6.79294 17.3469 6.72419 17.2574 6.62998 17.203ZM14.6812 3.83799C14.5762 3.86615 14.4642 3.85141 14.37 3.79702C14.2758 3.74263 14.2071 3.65305 14.1789 3.54798C14.1507 3.44291 14.1655 3.33096 14.2199 3.23675L15.1898 1.55687C15.2165 1.50985 15.2523 1.46858 15.295 1.43544C15.3378 1.40229 15.3866 1.37794 15.4388 1.36376C15.491 1.34959 15.5455 1.34588 15.5992 1.35286C15.6528 1.35983 15.7045 1.37734 15.7514 1.40439C15.7982 1.43143 15.8393 1.46748 15.8721 1.51045C15.905 1.55342 15.929 1.60246 15.9428 1.65475C15.9567 1.70705 15.96 1.76156 15.9527 1.81516C15.9454 1.86875 15.9275 1.92036 15.9001 1.96703L14.9303 3.6469C14.8759 3.7411 14.7863 3.80984 14.6812 3.83799Z"
        fill={4283191895}
        propList={
          Array [
            "fill",
          ]
        }
      />
    </RNSVGGroup>
    <RNSVGDefs>
      <RNSVGClipPath
        name="clip0_1_7725"
      >
        <RNSVGRect
          fill={4294967295}
          height="21"
          propList={
            Array [
              "fill",
            ]
          }
          width="21"
          x={0}
          y={0}
        />
      </RNSVGClipPath>
    </RNSVGDefs>
  </RNSVGGroup>
</RNSVGSvgView>
`;

exports[`<TaskIcon /> renders correctly 1`] = `
<RNSVGSvgView
  bbHeight="100%"
  bbWidth="100%"
  fill="none"
  focusable={false}
  style={
    Array [
      Object {
        "backgroundColor": "transparent",
        "borderWidth": 0,
      },
      Object {
        "flex": 0,
        "height": "100%",
        "width": "100%",
      },
    ]
  }
>
  <RNSVGGroup
    fill={null}
    propList={
      Array [
        "fill",
      ]
    }
  >
    <RNSVGGroup>
      <RNSVGPath
        d="M10.9308 20.9658C16.5996 20.9658 21.195 16.3704 21.195 10.7017C21.195 8.56879 20.5444 6.58788 19.4309 4.9465L21.427 2.95044C21.5551 2.8223 21.5551 2.61454 21.427 2.4864C21.2989 2.35826 21.0911 2.35826 20.963 2.4864L19.0404 4.40898C17.1625 1.9924 14.2282 0.4375 10.9308 0.4375C5.26209 0.4375 0.666672 5.03292 0.666672 10.7017C0.666672 16.3704 5.26209 20.9658 10.9308 20.9658ZM19.0404 4.40898L10.9308 12.5185L7.74146 9.32917C7.61332 9.20103 7.40557 9.20103 7.27743 9.32917C7.14929 9.45731 7.14929 9.66507 7.27743 9.79321L10.6988 13.2146C10.7603 13.2761 10.8438 13.3107 10.9308 13.3107C11.0179 13.3107 11.1013 13.2761 11.1628 13.2146L19.4309 4.9465C19.3065 4.763 19.1762 4.58374 19.0404 4.40898Z"
        fill={4294967295}
        propList={
          Array [
            "fill",
            "stroke",
          ]
        }
        stroke={4283191895}
      />
    </RNSVGGroup>
    <RNSVGDefs>
      <RNSVGClipPath
        name="clip0_1_7795"
      >
        <RNSVGRect
          fill={4294967295}
          height="21"
          matrix={
            Array [
              1,
              0,
              0,
              1,
              0.666672,
              0,
            ]
          }
          propList={
            Array [
              "fill",
            ]
          }
          width="21"
          x={0}
          y={0}
        />
      </RNSVGClipPath>
    </RNSVGDefs>
  </RNSVGGroup>
</RNSVGSvgView>
`;
