// Jest Snapshot v1, https://goo.gl/fbAQLP

exports[`<PersonalIcon /> renders correctly 1`] = `null`;
