// Jest Snapshot v1, https://goo.gl/fbAQLP

exports[`<PriorityIcon /> renders correctly 1`] = `null`;
