// Jest Snapshot v1, https://goo.gl/fbAQLP

exports[`<RepeatIcon /> renders correctly 1`] = `null`;
