// Jest Snapshot v1, https://goo.gl/fbAQLP

exports[`<SunIcon /> renders correctly 1`] = `null`;
